// Jest Snapshot v1, https://goo.gl/fbAQLP

exports[`Details component renders Details 1`] = `
<Fragment>
  <div
    className="imageGrid"
  >
    <img
      onLoad={[Function]}
    />
    <h2>
      loading image...
    </h2>
  </div>
</Fragment>
`;
