// Jest Snapshot v1, https://goo.gl/fbAQLP

exports[`Header component renders Header 1`] = `
<Fragment>
  <h1>
    Dogs!
  </h1>
  <Link
    to="/"
  >
    Home
  </Link>
</Fragment>
`;
